/design_1_i/smartconnect_0/inst/m01_exit_pipeline/m01_exit/inst/w_reg
/design_1_i/smartconnect_0/inst/s01_entry_pipeline/s01_si_converter/inst/sc_si_converter_v1_0_15_top__parameterized0__GC0
/design_1_i/smartconnect_0/inst/s00_entry_pipeline/s00_mmu/inst/sc_mmu_v1_0_15_top__GC0
/design_1_i/smartconnect_0/inst/s01_entry_pipeline/s01_mmu/inst/ar_sreg
/design_1_i/smartconnect_0/inst/m01_exit_pipeline/m01_exit/inst/ar_reg
/design_1_i/smartconnect_0/inst/bd_49ec__GC0
/design_1_i/smartconnect_0/inst/m00_exit_pipeline/m00_exit/inst/sc_exit_v1_0_17_top__GC0
/design_1_i/smartconnect_0/inst/s00_entry_pipeline/s00_transaction_regulator/inst/gen_endpoint.gen_r_multithread.r_multithread/cmd_reg
/design_1_i/smartconnect_0/inst/m01_exit_pipeline/m01_exit/inst/b_reg
/design_1_i/smartconnect_0/inst/m00_exit_pipeline/m00_exit/inst/b_reg
/design_1_i/smartconnect_0/inst/s00_entry_pipeline/s00_transaction_regulator/inst/sc_transaction_regulator_v1_0_11_top__GC0
/design_1_i/neural_network_0/inst/neural_network_v1_0_S00_AXI_inst/neural_network_v1_0_S00_AXI__GCB2
/design_1_i/smartconnect_0/inst/s00_entry_pipeline/s00_mmu/inst/aw_sreg
/design_1_i/smartconnect_0/inst/s00_entry_pipeline/s00_transaction_regulator/inst/gen_endpoint.gen_w_multithread.w_multithread/sc_transaction_regulator_v1_0_11_multithread__GC0
/design_1_i/smartconnect_0/inst/s01_entry_pipeline/s01_mmu/inst/sc_mmu_v1_0_15_top__parameterized0__GC0
/design_1_i/smartconnect_0/inst/s01_entry_pipeline/s01_si_converter/inst/converter.legacy_conversion.wrap_narrow_inst/aw_reg_slice
/design_1_i/smartconnect_0/inst/s01_entry_pipeline/s01_mmu/inst/b_sreg
/design_1_i/smartconnect_0/inst/s00_entry_pipeline/s00_mmu/inst/b_sreg
/design_1_i/smartconnect_0/inst/s00_entry_pipeline/s00_mmu/inst/aw_reg_stall
/design_1_i/smartconnect_0/inst/s00_entry_pipeline/s00_si_converter/inst/converter.legacy_conversion.wrap_narrow_inst/ar_reg_slice
/design_1_i/smartconnect_0/inst/s00_entry_pipeline/s00_mmu/inst/ar_sreg
/design_1_i/smartconnect_0/inst/s00_entry_pipeline/s00_si_converter/inst/converter.legacy_conversion.wrap_narrow_inst/aw_reg_slice
/design_1_i/smartconnect_0/inst/s01_entry_pipeline/s01_si_converter/inst/converter.legacy_conversion.wrap_narrow_inst/sc_si_converter_v1_0_15_wrap_narrow__parameterized0__GC0
/design_1_i/smartconnect_0/inst/m00_exit_pipeline/m00_exit/inst/r_reg
/design_1_i/smartconnect_0/inst/m00_exit_pipeline/m00_exit/inst/ar_reg
/design_1_i/smartconnect_0/inst/m00_exit_pipeline/m00_exit/inst/w_reg
/design_1_i/smartconnect_0/inst/s01_entry_pipeline/s01_mmu/inst/r_sreg
/design_1_i/smartconnect_0/inst/s00_entry_pipeline/s00_si_converter/inst/sc_si_converter_v1_0_15_top__GC0
/design_1_i/smartconnect_0/inst/s01_entry_pipeline/s01_mmu/inst/aw_reg_stall
/design_1_i/smartconnect_0/inst/s01_entry_pipeline/s01_mmu/inst/aw_sreg
/design_1_i/smartconnect_0/inst/s00_entry_pipeline/s00_mmu/inst/r_sreg
/design_1_i/design_1__GC0
/design_1_i/smartconnect_0/inst/s01_entry_pipeline/s01_mmu/inst/w_sreg
/design_1_i/smartconnect_0/inst/m01_exit_pipeline/m01_exit/inst/aw_reg
/design_1_i/smartconnect_0/inst/m00_exit_pipeline/m00_exit/inst/aw_reg
/design_1_i/smartconnect_0/inst/m01_exit_pipeline/m01_exit/inst/sc_exit_v1_0_17_top__parameterized0__GC0
/design_1_i/neural_network_0/inst/neural_network_v1_0_S00_AXI_inst/neural_network_v1_0_S00_AXI__GCB1
/design_1_i/neural_network_0/design_1_neural_network_0_3_GT0
/design_1_i/smartconnect_0/inst/m01_exit_pipeline/m01_exit/inst/r_reg
/design_1_i/smartconnect_0/inst/s01_entry_pipeline/s01_si_converter/inst/converter.legacy_conversion.wrap_narrow_inst/ar_reg_slice
/design_1_i/smartconnect_0/inst/s00_entry_pipeline/s00_mmu/inst/ar_reg_stall
/design_1_i/neural_network_0/inst/neural_network_v1_0_S00_AXI_inst/neural_network_v1_0_S00_AXI__GCB3
/design_1_i/smartconnect_0/inst/s01_entry_pipeline/s01_mmu/inst/ar_reg_stall
/design_1_i/smartconnect_0/inst/s01_entry_pipeline/s01_transaction_regulator
/design_1_i/smartconnect_0/inst/s00_entry_pipeline/s00_transaction_regulator/inst/gen_endpoint.gen_w_multithread.w_multithread/cmd_reg
/design_1_i/smartconnect_0/inst/s00_entry_pipeline/s00_mmu/inst/w_sreg
/design_1_i/smartconnect_0/inst/s00_entry_pipeline/s00_si_converter/inst/converter.legacy_conversion.wrap_narrow_inst/sc_si_converter_v1_0_15_wrap_narrow__GC0
/design_1_i/smartconnect_0/inst/s00_entry_pipeline/s00_transaction_regulator/inst/gen_endpoint.gen_r_multithread.r_multithread/sc_transaction_regulator_v1_0_11_multithread__GC0
