sc_si_converter_v1_0_15_top: sc_si_converter_v1_0_15_top__GC0, sc_si_converter_v1_0_15_wrap_narrow__GC0, sc_util_v1_0_4_axi_reg_stall, 
bd_49ec_s00mmu_0: sc_mmu_v1_0_15_top__GC0, sc_util_v1_0_4_axi_reg_stall, 
design_1_wrapper: neural_network__GCB0, sc_exit_v1_0_17_top__parameterized0__GC0, neural_network_v1_0_S00_AXI__GCB0, sc_mmu_v1_0_15_top__GC0, sc_util_v1_0_4_axi_reg_stall, sc_exit_v1_0_17_top__GC0, sc_si_converter_v1_0_15_top__parameterized0__GC0, neuron, sc_transaction_regulator_v1_0_11_top__GC0, sc_si_converter_v1_0_15_top__GC0, neural_network_v1_0_S00_AXI__GCB1, sc_si_converter_v1_0_15_wrap_narrow__GC0, sc_mmu_v1_0_15_top__parameterized0__GC0, neural_network_v1_0_S00_AXI__GCB2, design_1__GC0, bd_49ec_s01tr_0, neural_network_v1_0_S00_AXI__GCB3, dense_layer1__array, bd_49ec__GC0, sc_si_converter_v1_0_15_wrap_narrow__parameterized0__GC0, sc_transaction_regulator_v1_0_11_multithread__GC0, neural_network__GCB1, dense_layer__GC0, 
reg__460: neural_network__GCB0, sc_exit_v1_0_17_top__parameterized0__GC0, neural_network_v1_0_S00_AXI__GCB0, sc_mmu_v1_0_15_top__GC0, sc_util_v1_0_4_axi_reg_stall, sc_exit_v1_0_17_top__GC0, sc_si_converter_v1_0_15_top__parameterized0__GC0, neuron, sc_transaction_regulator_v1_0_11_top__GC0, sc_si_converter_v1_0_15_top__GC0, neural_network_v1_0_S00_AXI__GCB1, sc_si_converter_v1_0_15_wrap_narrow__GC0, sc_mmu_v1_0_15_top__parameterized0__GC0, neural_network_v1_0_S00_AXI__GCB2, design_1__GC0, bd_49ec_s01tr_0, neural_network_v1_0_S00_AXI__GCB3, dense_layer1__array, bd_49ec__GC0, sc_si_converter_v1_0_15_wrap_narrow__parameterized0__GC0, sc_transaction_regulator_v1_0_11_multithread__GC0, neural_network__GCB1, dense_layer__GC0, 
s00_entry_pipeline_imp_1JRESSR: sc_transaction_regulator_v1_0_11_top__GC0, sc_transaction_regulator_v1_0_11_multithread__GC0, sc_si_converter_v1_0_15_top__GC0, sc_si_converter_v1_0_15_wrap_narrow__GC0, sc_mmu_v1_0_15_top__GC0, sc_util_v1_0_4_axi_reg_stall, 
logic__2054: sc_exit_v1_0_17_top__parameterized0__GC0, sc_util_v1_0_4_axi_reg_stall, 
bd_49ec_m00e_0: sc_exit_v1_0_17_top__GC0, sc_util_v1_0_4_axi_reg_stall, 
design_1_neural_network_0_3: neural_network_v1_0_S00_AXI__GCB3, neural_network_v1_0_S00_AXI__GCB2, neural_network_v1_0_S00_AXI__GCB1, neural_network_v1_0_S00_AXI__GCB0, neural_network__GCB1, neural_network__GCB0, dense_layer1__array, dense_layer__GC0, neuron, 
sc_si_converter_v1_0_15_wrap_narrow: sc_si_converter_v1_0_15_wrap_narrow__GC0, sc_util_v1_0_4_axi_reg_stall, 
muxpart__369: dense_layer1__array, dense_layer__GC0, neuron, 
muxpart__374: neural_network_v1_0_S00_AXI__GCB3, neural_network_v1_0_S00_AXI__GCB2, neural_network_v1_0_S00_AXI__GCB1, neural_network_v1_0_S00_AXI__GCB0, neural_network__GCB1, neural_network__GCB0, dense_layer1__array, dense_layer__GC0, neuron, 
bd_49ec_s01mmu_0: sc_mmu_v1_0_15_top__parameterized0__GC0, sc_util_v1_0_4_axi_reg_stall, 
s01_entry_pipeline_imp_N67Y5B: bd_49ec_s01tr_0, sc_si_converter_v1_0_15_top__parameterized0__GC0, sc_si_converter_v1_0_15_wrap_narrow__parameterized0__GC0, sc_mmu_v1_0_15_top__parameterized0__GC0, sc_util_v1_0_4_axi_reg_stall, 
logic__5939: sc_transaction_regulator_v1_0_11_top__GC0, sc_transaction_regulator_v1_0_11_multithread__GC0, sc_util_v1_0_4_axi_reg_stall, 
sc_transaction_regulator_v1_0_11_multithread: sc_transaction_regulator_v1_0_11_multithread__GC0, sc_util_v1_0_4_axi_reg_stall, 
logic__997: neural_network_v1_0_S00_AXI__GCB3, neural_network_v1_0_S00_AXI__GCB2, neural_network_v1_0_S00_AXI__GCB1, neural_network_v1_0_S00_AXI__GCB0, neural_network__GCB1, neural_network__GCB0, dense_layer1__array, dense_layer__GC0, neuron, 
reg__1925: sc_mmu_v1_0_15_top__GC0, sc_exit_v1_0_17_top__GC0, sc_si_converter_v1_0_15_wrap_narrow__parameterized0__GC0, sc_util_v1_0_4_axi_reg_stall, sc_si_converter_v1_0_15_wrap_narrow__GC0, sc_transaction_regulator_v1_0_11_multithread__GC0, bd_49ec_s01tr_0, sc_exit_v1_0_17_top__parameterized0__GC0, sc_mmu_v1_0_15_top__parameterized0__GC0, bd_49ec__GC0, sc_si_converter_v1_0_15_top__parameterized0__GC0, sc_si_converter_v1_0_15_top__GC0, sc_transaction_regulator_v1_0_11_top__GC0, 
neural_network: neural_network__GCB1, neural_network__GCB0, dense_layer1__array, dense_layer__GC0, neuron, 
sc_exit_v1_0_17_top: sc_exit_v1_0_17_top__GC0, sc_util_v1_0_4_axi_reg_stall, 
bd_49ec_s00sic_0: sc_si_converter_v1_0_15_top__GC0, sc_si_converter_v1_0_15_wrap_narrow__GC0, sc_util_v1_0_4_axi_reg_stall, 
logic__6730: sc_mmu_v1_0_15_top__GC0, sc_exit_v1_0_17_top__GC0, sc_si_converter_v1_0_15_wrap_narrow__parameterized0__GC0, sc_util_v1_0_4_axi_reg_stall, sc_si_converter_v1_0_15_wrap_narrow__GC0, sc_transaction_regulator_v1_0_11_multithread__GC0, bd_49ec_s01tr_0, sc_exit_v1_0_17_top__parameterized0__GC0, sc_mmu_v1_0_15_top__parameterized0__GC0, bd_49ec__GC0, sc_si_converter_v1_0_15_top__parameterized0__GC0, sc_si_converter_v1_0_15_top__GC0, sc_transaction_regulator_v1_0_11_top__GC0, 
bd_49ec_s00tr_0: sc_transaction_regulator_v1_0_11_top__GC0, sc_transaction_regulator_v1_0_11_multithread__GC0, sc_util_v1_0_4_axi_reg_stall, 
sc_mmu_v1_0_15_top: sc_mmu_v1_0_15_top__GC0, sc_util_v1_0_4_axi_reg_stall, 
dense_layer: dense_layer__GC0, neuron, 
bd_49ec_s01sic_0: sc_si_converter_v1_0_15_top__parameterized0__GC0, sc_si_converter_v1_0_15_wrap_narrow__parameterized0__GC0, sc_util_v1_0_4_axi_reg_stall, 
logic__2052: sc_exit_v1_0_17_top__parameterized0__GC0, sc_util_v1_0_4_axi_reg_stall, 
muxpart__802: sc_exit_v1_0_17_top__parameterized0__GC0, sc_util_v1_0_4_axi_reg_stall, 
sc_si_converter_v1_0_15_top__parameterized0: sc_si_converter_v1_0_15_top__parameterized0__GC0, sc_si_converter_v1_0_15_wrap_narrow__parameterized0__GC0, sc_util_v1_0_4_axi_reg_stall, 
sc_mmu_v1_0_15_top__parameterized0: sc_mmu_v1_0_15_top__parameterized0__GC0, sc_util_v1_0_4_axi_reg_stall, 
logic__6727: sc_exit_v1_0_17_top__GC0, sc_util_v1_0_4_axi_reg_stall, 
sc_si_converter_v1_0_15_wrap_narrow__parameterized0: sc_si_converter_v1_0_15_wrap_narrow__parameterized0__GC0, sc_util_v1_0_4_axi_reg_stall, 
