sc_si_converter_v1_0_15_top: sc_si_converter_v1_0_15_top__GC0, sc_si_converter_v1_0_15_wrap_narrow, 
bd_49ec_s00mmu_0: sc_mmu_v1_0_15_top, 
design_1_wrapper: design_1, 
s00_entry_pipeline_imp_1JRESSR: bd_49ec_s00tr_0, bd_49ec_s00sic_0, bd_49ec_s00mmu_0, 
sc_transaction_regulator_v1_0_11_top: sc_transaction_regulator_v1_0_11_top__GC0, sc_transaction_regulator_v1_0_11_multithread, 
bd_49ec_m00e_0: sc_exit_v1_0_17_top, 
design_1_neural_network_0_3: neural_network_v1_0, 
sc_si_converter_v1_0_15_wrap_narrow: sc_si_converter_v1_0_15_wrap_narrow__GC0, sc_util_v1_0_4_axi_reg_stall, 
sc_util_v1_0_4_axi_reg_stall: sc_util_v1_0_4_axi_reg_stall, 
bd_49ec_s01mmu_0: sc_mmu_v1_0_15_top__parameterized0, 
s01_entry_pipeline_imp_N67Y5B: bd_49ec_s01tr_0, bd_49ec_s01sic_0, bd_49ec_s01mmu_0, 
neuron: neuron, 
design_1_smartconnect_0_3: bd_49ec, 
sc_transaction_regulator_v1_0_11_multithread: sc_transaction_regulator_v1_0_11_multithread__GC0, sc_util_v1_0_4_axi_reg_stall, 
sc_exit_v1_0_17_top__parameterized0: sc_exit_v1_0_17_top__parameterized0__GC0, sc_util_v1_0_4_axi_reg_stall, 
dense_layer1: dense_layer1__array, dense_layer, 
neural_network: neural_network__GCB1, neural_network__GCB0, dense_layer1, 
bd_49ec_s00sic_0: sc_si_converter_v1_0_15_top, 
sc_exit_v1_0_17_top: sc_exit_v1_0_17_top__GC0, sc_util_v1_0_4_axi_reg_stall, 
m01_exit_pipeline_imp_PSKKG8: bd_49ec_m01e_0, 
neural_network_v1_0_S00_AXI: neural_network_v1_0_S00_AXI__GCB3, neural_network_v1_0_S00_AXI__GCB2, neural_network_v1_0_S00_AXI__GCB1, neural_network_v1_0_S00_AXI__GCB0, neural_network, 
design_1: design_1__GC0, design_1_smartconnect_0_3, design_1_neural_network_0_3, 
bd_49ec_s00tr_0: sc_transaction_regulator_v1_0_11_top, 
sc_mmu_v1_0_15_top: sc_mmu_v1_0_15_top__GC0, sc_util_v1_0_4_axi_reg_stall, 
neural_network_v1_0: neural_network_v1_0_S00_AXI, 
bd_49ec: bd_49ec__GC0, s01_entry_pipeline_imp_N67Y5B, s00_entry_pipeline_imp_1JRESSR, m01_exit_pipeline_imp_PSKKG8, m00_exit_pipeline_imp_L1TK5K, 
dense_layer: dense_layer__GC0, neuron, 
bd_49ec_s01sic_0: sc_si_converter_v1_0_15_top__parameterized0, 
bd_49ec_s01tr_0: bd_49ec_s01tr_0, 
sc_si_converter_v1_0_15_top__parameterized0: sc_si_converter_v1_0_15_top__parameterized0__GC0, sc_si_converter_v1_0_15_wrap_narrow__parameterized0, 
sc_mmu_v1_0_15_top__parameterized0: sc_mmu_v1_0_15_top__parameterized0__GC0, sc_util_v1_0_4_axi_reg_stall, 
sc_si_converter_v1_0_15_wrap_narrow__parameterized0: sc_si_converter_v1_0_15_wrap_narrow__parameterized0__GC0, sc_util_v1_0_4_axi_reg_stall, 
bd_49ec_m01e_0: sc_exit_v1_0_17_top__parameterized0, 
m00_exit_pipeline_imp_L1TK5K: bd_49ec_m00e_0, 
