/design_1_i/neural_network_0/inst/neural_network_v1_0_S00_AXI_inst/NN/layer2/dense_layer1/dense_neuron[9]:3611587507
/design_1_i/smartconnect_0/inst/s00_entry_pipeline/s00_transaction_regulator/inst/gen_endpoint.gen_r_multithread.r_multithread/sc_transaction_regulator_v1_0_11_multithread__GC0:2078148271
/design_1_i/neural_network_0/inst/neural_network_v1_0_S00_AXI_inst/NN/layer2/dense_layer1/dense_neuron[25]:905597984
/design_1_i/neural_network_0/inst/neural_network_v1_0_S00_AXI_inst/NN/layer2/dense_layer1/dense_neuron[26]:2901607834
/design_1_i/neural_network_0/inst/neural_network_v1_0_S00_AXI_inst/NN/layer2/dense_layer1__array:3537025424
/design_1_i/smartconnect_0/inst/s00_entry_pipeline/s00_transaction_regulator/inst/gen_endpoint.gen_w_multithread.w_multithread/sc_transaction_regulator_v1_0_11_multithread__GC0:290042701
/design_1_i/smartconnect_0/inst/m01_exit_pipeline/m01_exit/inst/w_reg:3025358857
/design_1_i/smartconnect_0/inst/s00_entry_pipeline/s00_mmu/inst/w_sreg:3007222800
/design_1_i/neural_network_0/inst/neural_network_v1_0_S00_AXI_inst/neural_network_v1_0_S00_AXI__GCB1:1862535489
/design_1_i/neural_network_0/inst/neural_network_v1_0_S00_AXI_inst/NN/layer2/dense_layer1/dense_neuron[21]:848793657
/design_1_i/smartconnect_0/inst/s01_entry_pipeline/s01_mmu/inst/aw_reg_stall:2008769650
/design_1_i/smartconnect_0/inst/m01_exit_pipeline/m01_exit/inst/sc_exit_v1_0_17_top__parameterized0__GC0:1216751971
/design_1_i/smartconnect_0/inst/s01_entry_pipeline/s01_mmu/inst/sc_mmu_v1_0_15_top__parameterized0__GC0:662908189
/design_1_i/smartconnect_0/inst/m01_exit_pipeline/m01_exit/inst/r_reg:760873395
/design_1_i/neural_network_0/inst/neural_network_v1_0_S00_AXI_inst/NN/neural_network__GCB0:1036914175
/design_1_i/neural_network_0/inst/neural_network_v1_0_S00_AXI_inst/NN/layer2/dense_layer1/dense_neuron[19]:392252360
/design_1_i/smartconnect_0/inst/m00_exit_pipeline/m00_exit/inst/w_reg:3007222800
/design_1_i/neural_network_0/inst/neural_network_v1_0_S00_AXI_inst/NN/layer2/dense_layer1/dense_neuron[17]:4040779471
/design_1_i/neural_network_0/inst/neural_network_v1_0_S00_AXI_inst/NN/layer2/dense_layer1/dense_neuron[14]:1775253365
/design_1_i/neural_network_0/inst/neural_network_v1_0_S00_AXI_inst/NN/layer2/dense_layer1/dense_neuron[11]:431670266
/design_1_i/smartconnect_0/inst/s01_entry_pipeline/s01_mmu/inst/b_sreg:2665005383
/design_1_i/smartconnect_0/inst/m00_exit_pipeline/m00_exit/inst/r_reg:708298154
/design_1_i/neural_network_0/inst/neural_network_v1_0_S00_AXI_inst/neural_network_v1_0_S00_AXI__GCB2:4128069883
/design_1_i/neural_network_0/inst/neural_network_v1_0_S00_AXI_inst/neural_network_v1_0_S00_AXI__GCB3:2164942957
/design_1_i/smartconnect_0/inst/s00_entry_pipeline/s00_mmu/inst/ar_reg_stall:3403820212
/design_1_i/neural_network_0/inst/neural_network_v1_0_S00_AXI_inst/NN/layer2/dense_layer1/dense_neuron[6]:1207660066
/design_1_i/neural_network_0/inst/neural_network_v1_0_S00_AXI_inst/NN/layer2/dense_layer1/dense_neuron[4]:2851409678
/design_1_i/smartconnect_0/inst/m00_exit_pipeline/m00_exit/inst/ar_reg:4259016689
/design_1_i/smartconnect_0/inst/s01_entry_pipeline/s01_si_converter/inst/converter.legacy_conversion.wrap_narrow_inst/sc_si_converter_v1_0_15_wrap_narrow__parameterized0__GC0:2952984408
/design_1_i/neural_network_0/inst/neural_network_v1_0_S00_AXI_inst/NN/layer2/dense_layer1/dense_neuron[28]:1263216797
/design_1_i/neural_network_0/inst/neural_network_v1_0_S00_AXI_inst/NN/neural_network__GCB1:1254702441
/design_1_i/smartconnect_0/inst/s00_entry_pipeline/s00_mmu/inst/ar_sreg:3185908770
/design_1_i/neural_network_0/inst/neural_network_v1_0_S00_AXI_inst/NN/layer2/dense_layer1/dense_neuron[13]:4155810518
/design_1_i/smartconnect_0/inst/s00_entry_pipeline/s00_transaction_regulator/inst/sc_transaction_regulator_v1_0_11_top__GC0:336216322
/design_1_i/smartconnect_0/inst/s01_entry_pipeline/s01_mmu/inst/r_sreg:3923767761
/design_1_i/neural_network_0/inst/neural_network_v1_0_S00_AXI_inst/NN/layer2/dense_layer1/dense_neuron[16]:2279495257
/design_1_i/smartconnect_0/inst/s01_entry_pipeline/s01_mmu/inst/w_sreg:2578777438
/design_1_i/smartconnect_0/inst/s01_entry_pipeline/s01_mmu/inst/aw_sreg:3185908770
/design_1_i/neural_network_0/inst/neural_network_v1_0_S00_AXI_inst/NN/layer2/dense_layer1/dense_neuron[1]:3651140481
/design_1_i/design_1__GC0:2102400361
/design_1_i/neural_network_0/inst/neural_network_v1_0_S00_AXI_inst/NN/layer2/dense_layer1/dense_neuron[7]:821845684
/design_1_i/smartconnect_0/inst/m01_exit_pipeline/m01_exit/inst/b_reg:1516056869
/design_1_i/smartconnect_0/inst/s01_entry_pipeline/s01_si_converter/inst/converter.legacy_conversion.wrap_narrow_inst/aw_reg_slice:12342500
/design_1_i/smartconnect_0/inst/s01_entry_pipeline/s01_si_converter/inst/sc_si_converter_v1_0_15_top__parameterized0__GC0:754542724
/design_1_i/neural_network_0/inst/neural_network_v1_0_S00_AXI_inst/NN/layer2/dense_layer1/dense_neuron[31]:730636664
/design_1_i/smartconnect_0/inst/bd_49ec__GC0:141179768
/design_1_i/smartconnect_0/inst/s00_entry_pipeline/s00_si_converter/inst/sc_si_converter_v1_0_15_top__GC0:3769486332
/design_1_i/neural_network_0/inst/neural_network_v1_0_S00_AXI_inst/NN/layer2/dense_layer1/dense_neuron[3]:932289197
/design_1_i/smartconnect_0/inst/m01_exit_pipeline/m01_exit/inst/aw_reg:3277086879
/design_1_i/smartconnect_0/inst/s00_entry_pipeline/s00_si_converter/inst/converter.legacy_conversion.wrap_narrow_inst/ar_reg_slice:131174653
/design_1_i/smartconnect_0/inst/s00_entry_pipeline/s00_mmu/inst/aw_reg_stall:3875830243
/design_1_i/smartconnect_0/inst/s00_entry_pipeline/s00_mmu/inst/b_sreg:2665005383
/design_1_i/smartconnect_0/inst/s01_entry_pipeline/s01_mmu/inst/ar_sreg:3185908770
/design_1_i/smartconnect_0/inst/s00_entry_pipeline/s00_transaction_regulator/inst/gen_endpoint.gen_r_multithread.r_multithread/cmd_reg:1893113963
/design_1_i/neural_network_0/inst/neural_network_v1_0_S00_AXI_inst/NN/layer2/dense_layer1/dense_neuron[10]:1857942380
/design_1_i/smartconnect_0/inst/m00_exit_pipeline/m00_exit/inst/aw_reg:2416134517
/design_1_i/neural_network_0/inst/neural_network_v1_0_S00_AXI_inst/NN/layer2/dense_layer1/dense_neuron[27]:3690214668
/design_1_i/smartconnect_0/inst/s00_entry_pipeline/s00_transaction_regulator/inst/gen_endpoint.gen_w_multithread.w_multithread/cmd_reg:1893113963
/design_1_i/neural_network_0/inst/neural_network_v1_0_S00_AXI_inst/NN/layer2/dense_layer1/dense_neuron[2]:1083615803
/design_1_i/neural_network_0/inst/neural_network_v1_0_S00_AXI_inst/NN/layer2/dense_layer1/dense_neuron[20]:1167106223
/design_1_i/neural_network_0/inst/neural_network_v1_0_S00_AXI_inst/NN/layer2/dense_layer1/dense_neuron[24]:1123902646
/design_1_i/smartconnect_0/inst/s01_entry_pipeline/s01_si_converter/inst/converter.legacy_conversion.wrap_narrow_inst/ar_reg_slice:12342500
/design_1_i/neural_network_0/inst/neural_network_v1_0_S00_AXI_inst/NN/layer2/dense_layer1/dense_neuron[8]:2688762661
/design_1_i/smartconnect_0/inst/s00_entry_pipeline/s00_mmu/inst/r_sreg:3923767761
/design_1_i/smartconnect_0/inst/s00_entry_pipeline/s00_si_converter/inst/converter.legacy_conversion.wrap_narrow_inst/aw_reg_slice:131174653
/design_1_i/neural_network_0/inst/neural_network_v1_0_S00_AXI_inst/NN/layer2/dense_layer1/dense_neuron[23]:3701076245
/design_1_i/neural_network_0/inst/neural_network_v1_0_S00_AXI_inst/NN/layer2/dense_layer1/dense_neuron[18]:1617328990
/design_1_i/neural_network_0/inst/neural_network_v1_0_S00_AXI_inst/NN/layer2/dense_layer1/dense_neuron[15]:517408739
/design_1_i/smartconnect_0/inst/s00_entry_pipeline/s00_mmu/inst/aw_sreg:3185908770
/design_1_i/neural_network_0/inst/neural_network_v1_0_S00_AXI_inst/NN/layer2/dense_layer1/dense_neuron[5]:3740417944
/design_1_i/smartconnect_0/inst/m00_exit_pipeline/m00_exit/inst/sc_exit_v1_0_17_top__GC0:636454525
/design_1_i/neural_network_0/inst/neural_network_v1_0_S00_AXI_inst/NN/layer2/dense_layer1/dense_neuron[29]:1011619851
/design_1_i/smartconnect_0/inst/m00_exit_pipeline/m00_exit/inst/b_reg:1563489596
/design_1_i/neural_network_0/inst/neural_network_v1_0_S00_AXI_inst/NN/layer2/dense_layer1/dense_neuron[12]:2159252032
/design_1_i/neural_network_0/inst/neural_network_v1_0_S00_AXI_inst/NN/layer2/dense_layer1/dense_neuron[0]:2434129939
/design_1_i/smartconnect_0/inst/s00_entry_pipeline/s00_mmu/inst/sc_mmu_v1_0_15_top__GC0:445677110
/design_1_i/neural_network_0/inst/neural_network_v1_0_S00_AXI_inst/neural_network_v1_0_S00_AXI__GCB0:402864599
/design_1_i/neural_network_0/inst/neural_network_v1_0_S00_AXI_inst/NN/layer2/dense_layer1/dense_neuron[22]:2879308163
/design_1_i/neural_network_0/inst/neural_network_v1_0_S00_AXI_inst/NN/layer2/dense_layer1/dense_neuron[30]:1552650734
/design_1_i/smartconnect_0/inst/s01_entry_pipeline/s01_mmu/inst/ar_reg_stall:4004656584
/design_1_i/smartconnect_0/inst/m01_exit_pipeline/m01_exit/inst/ar_reg:3277086879
/design_1_i/smartconnect_0/inst/s01_entry_pipeline/s01_transaction_regulator:4054276305
/design_1_i/smartconnect_0/inst/s00_entry_pipeline/s00_si_converter/inst/converter.legacy_conversion.wrap_narrow_inst/sc_si_converter_v1_0_15_wrap_narrow__GC0:309978366
