#-----------------------------------------------------------
# Vivado v2025.1 (64-bit)
# SW Build 6140274 on Thu May 22 00:12:29 MDT 2025
# IP Build 6138677 on Thu May 22 03:10:11 MDT 2025
# SharedData Build 6139179 on Tue May 20 17:58:58 MDT 2025
# Start of session at: Tue May 19 02:39:50 2026
# Process ID         : 18072
# Current directory  : G:/zed_board/F/Vivado_projects/Pynq/Pynq_handwritten_digit_recognition.runs/synth_2
# Command line       : vivado.exe -log design_1_wrapper.vds -product Vivado -mode batch -messageDb vivado.pb -notrace -source design_1_wrapper.tcl
# Log file           : G:/zed_board/F/Vivado_projects/Pynq/Pynq_handwritten_digit_recognition.runs/synth_2/design_1_wrapper.vds
# Journal file       : G:/zed_board/F/Vivado_projects/Pynq/Pynq_handwritten_digit_recognition.runs/synth_2\vivado.jou
# Running On         : DESKTOP-PVEE1TC
# Platform           : Windows Server 2016 or Windows 10
# Operating System   : 26200
# Processor Detail   : 13th Gen Intel(R) Core(TM) i5-13420H
# CPU Frequency      : 2611 MHz
# CPU Physical cores : 8
# CPU Logical cores  : 12
# Host memory        : 16869 MB
# Swap memory        : 6442 MB
# Total Virtual      : 23311 MB
# Available Virtual  : 3228 MB
#-----------------------------------------------------------
source design_1_wrapper.tcl -notrace
